C:\Tutorial\Git-Tutorial>git branch
* main

C:\Tutorial\Git-Tutorial>git branch develop

C:\Tutorial\Git-Tutorial>git branch
  develop
* main
C:\Tutorial\Git-Tutorial>git checkout develop
C:\Tutorial\Git-Tutorial>git branch
* develop
  main
develop브랜치에서 my_module.java수정
C:\Tutorial\Git-Tutorial>git add .

C:\Tutorial\Git-Tutorial>git commit -m "Add my_module [Div]"
C:\Tutorial\Git-Tutorial>git checkout main
C:\Tutorial\Git-Tutorial>git branch
  develop
* main
main브랜치에서 my_module.java수정
C:\Tutorial\Git-Tutorial>git add .

C:\Tutorial\Git-Tutorial>git commit -m "Add my_module [Div] & Comment"

C:\Tutorial\Git-Tutorial>git log                                // 여기서부터 develop브랜치의 것이 안보임 왜? main에서 my_module.java를 손대는 순간 develop과 main은 이제 다른길을 가는것임
commit 2fd29a3870f17040389aff73bd6f0cb2ff9c735f (HEAD -> main)
Author: Seohyun <korean021030@gmail.com>
Date:   Sat Sep 2 06:41:06 2023 +0900

    Add my_module [Div] & Comment

commit ba2d9f4d42b3db4a96c3954a75518ee1edd13d8f (origin/main, origin/HEAD)
Author: Seohyun <korean021030@gmail.com>
Date:   Sat Sep 2 06:00:55 2023 +0900

    Add my_module [Mul]
    .
    .
    .
C:\Tutorial\Git-Tutorial>git checkout develop // develop으로 가서
C:\Tutorial\Git-Tutorial>git log                   // develop입장의로그를 찍어봐도 develop의 것들만 나온다. main브랜치의 것들이 이제 안나온다  Div 와 Div & Comment부터 서로 갈림길에 슨것임
commit 58a630c217b390f2348980e569f3eb66d4b07ceb (HEAD -> develop) 
Author: Seohyun <korean021030@gmail.com>
Date:   Sat Sep 2 06:39:32 2023 +0900

    Add my_module [Div]

commit ba2d9f4d42b3db4a96c3954a75518ee1edd13d8f (origin/main, origin/HEAD)
Author: Seohyun <korean021030@gmail.com>
Date:   Sat Sep 2 06:00:55 2023 +0900

    Add my_module [Mul]
 ...

C:\Tutorial\Git-Tutorial>git checkout main  // 모든 merge는 main에서
C:\Tutorial\Git-Tutorial>git merge develop  // merge하려 봤더니 위에서 본것처럼 서로다른 것이 돼버려서 충돌이 발생함
Auto-merging my_module.java
CONFLICT (content): Merge conflict in my_module.java
Automatic merge failed; fix conflicts and then commit the result.

그럼 여기 main브랜치에서 다시 my_module.java를 고침 그리고 나서
C:\Tutorial\Git-Tutorial>git add .
C:\Tutorial\Git-Tutorial>git commit -m "Add my_module [Div] & Comment"
C:\Tutorial\Git-Tutorial>git merge develop               // 합침
C:\Tutorial\Git-Tutorial>git push
C:\Tutorial\Git-Tutorial>git branch -d develop
Deleted branch develop (was 58a630c).

